05-Oct-2026 13:04:22.422 INFORMAÇÕES [main] org.apache.catalina.core.ApplicationContext.log ContextListener: contextInitialized()
05-Oct-2026 13:04:22.422 INFORMAÇÕES [main] org.apache.catalina.core.ApplicationContext.log SessionListener: contextInitialized()
05-Oct-2026 13:04:22.424 INFORMAÇÕES [main] org.apache.catalina.core.ApplicationContext.log ContextListener: attributeAdded('StockTicker', 'async.Stockticker@3421debd')
05-Oct-2026 13:09:27.772 INFORMAÇÕES [main] org.apache.catalina.core.ApplicationContext.log ContextListener: contextInitialized()
05-Oct-2026 13:09:27.772 INFORMAÇÕES [main] org.apache.catalina.core.ApplicationContext.log SessionListener: contextInitialized()
05-Oct-2026 13:09:27.774 INFORMAÇÕES [main] org.apache.catalina.core.ApplicationContext.log ContextListener: attributeAdded('StockTicker', 'async.Stockticker@6661d8c0')
05-Oct-2026 17:33:06.079 INFORMAÇÕES [main] org.apache.catalina.core.ApplicationContext.log ContextListener: contextInitialized()
05-Oct-2026 17:33:06.079 INFORMAÇÕES [main] org.apache.catalina.core.ApplicationContext.log SessionListener: contextInitialized()
05-Oct-2026 17:33:06.081 INFORMAÇÕES [main] org.apache.catalina.core.ApplicationContext.log ContextListener: attributeAdded('StockTicker', 'async.Stockticker@6909f6be')
05-Oct-2026 19:28:01.714 INFORMAÇÕES [main] org.apache.catalina.core.ApplicationContext.log ContextListener: contextInitialized()
05-Oct-2026 19:28:01.715 INFORMAÇÕES [main] org.apache.catalina.core.ApplicationContext.log SessionListener: contextInitialized()
05-Oct-2026 19:28:01.717 INFORMAÇÕES [main] org.apache.catalina.core.ApplicationContext.log ContextListener: attributeAdded('StockTicker', 'async.Stockticker@75d366c2')
05-Oct-2026 19:42:24.707 INFORMAÇÕES [Thread-1] org.apache.catalina.core.ApplicationContext.log SessionListener: contextDestroyed()
05-Oct-2026 19:42:24.708 INFORMAÇÕES [Thread-1] org.apache.catalina.core.ApplicationContext.log ContextListener: contextDestroyed()
05-Oct-2026 19:43:59.362 INFORMAÇÕES [main] org.apache.catalina.core.ApplicationContext.log ContextListener: contextInitialized()
05-Oct-2026 19:43:59.362 INFORMAÇÕES [main] org.apache.catalina.core.ApplicationContext.log SessionListener: contextInitialized()
05-Oct-2026 19:43:59.364 INFORMAÇÕES [main] org.apache.catalina.core.ApplicationContext.log ContextListener: attributeAdded('StockTicker', 'async.Stockticker@3421debd')
05-Oct-2026 19:51:41.789 INFORMAÇÕES [main] org.apache.catalina.core.ApplicationContext.log ContextListener: contextInitialized()
05-Oct-2026 19:51:41.789 INFORMAÇÕES [main] org.apache.catalina.core.ApplicationContext.log SessionListener: contextInitialized()
05-Oct-2026 19:51:41.791 INFORMAÇÕES [main] org.apache.catalina.core.ApplicationContext.log ContextListener: attributeAdded('StockTicker', 'async.Stockticker@64b0d1fa')
05-Oct-2026 19:51:41.900 INFORMAÇÕES [main] org.apache.catalina.core.ApplicationContext.log SessionListener: contextDestroyed()
05-Oct-2026 19:51:41.900 INFORMAÇÕES [main] org.apache.catalina.core.ApplicationContext.log ContextListener: contextDestroyed()
05-Oct-2026 19:53:25.780 INFORMAÇÕES [Thread-1] org.apache.catalina.core.ApplicationContext.log SessionListener: contextDestroyed()
05-Oct-2026 19:53:25.780 INFORMAÇÕES [Thread-1] org.apache.catalina.core.ApplicationContext.log ContextListener: contextDestroyed()
05-Oct-2026 19:54:00.600 INFORMAÇÕES [main] org.apache.catalina.core.ApplicationContext.log ContextListener: contextInitialized()
05-Oct-2026 19:54:00.600 INFORMAÇÕES [main] org.apache.catalina.core.ApplicationContext.log SessionListener: contextInitialized()
05-Oct-2026 19:54:00.602 INFORMAÇÕES [main] org.apache.catalina.core.ApplicationContext.log ContextListener: attributeAdded('StockTicker', 'async.Stockticker@773f7880')
05-Oct-2026 20:02:23.271 INFORMAÇÕES [main] org.apache.catalina.core.ApplicationContext.log ContextListener: contextInitialized()
05-Oct-2026 20:02:23.271 INFORMAÇÕES [main] org.apache.catalina.core.ApplicationContext.log SessionListener: contextInitialized()
05-Oct-2026 20:02:23.273 INFORMAÇÕES [main] org.apache.catalina.core.ApplicationContext.log ContextListener: attributeAdded('StockTicker', 'async.Stockticker@5bcec67e')
